
> nexacore-frontend@1.0.0 build
> vite build

[36mvite v5.4.21 [32mbuilding for production...[36m[39m
transforming...
[32mΓ£ô[39m 2523 modules transformed.
rendering chunks...
computing gzip size...
[2mdist/[22m[32mregisterSW.js              [39m[1m[2m  0.13 kB[22m[1m[22m
[2mdist/[22m[32mmanifest.webmanifest       [39m[1m[2m  0.98 kB[22m[1m[22m
[2mdist/[22m[32mindex.html                 [39m[1m[2m  1.31 kB[22m[1m[22m[2m Γöé gzip:   0.64 kB[22m
[2mdist/[22m[35massets/index-BLKy86lj.css  [39m[1m[2m  3.49 kB[22m[1m[22m[2m Γöé gzip:   0.91 kB[22m
[2mdist/[22m[36massets/index-Cct8aGtq.js   [39m[1m[33m750.52 kB[39m[22m[2m Γöé gzip: 223.89 kB[22m
node.exe : [33m
At line:1 char:1
+ & "C:\Program Files\nodejs/node.exe" "C:\Users\kenro\AppData\Roaming\ ...
+ ~~~~~~~~~~~~~~~~~~~~~~~~~~~~~~~~~~~~~~~~~~~~~~~~~~~~~~~~~~~~~~~~~~~~~
    + CategoryInfo          : NotSpecified: ([33m:String) [], RemoteException
    + FullyQualifiedErrorId : NativeCommandError
 
(!) Some chunks are larger than 500 kB after minification. Consider:
- Using dynamic import() to code-split the application
- Use build.rollupOptions.output.manualChunks to improve chunking: 
https://rollupjs.org/configuration-options/#output-manualchunks
- Adjust chunk size limit for this warning via 
build.chunkSizeWarningLimit.[39m
[32mΓ£ô built in 11.58s[39m

PWA v0.16.7
mode      generateSW
precache  5 entries (737.77 KiB)
files generated
  dist\sw.js
  dist\workbox-b51dd497.js
